2025-12-21 00:26:07 ERROR [JavaFX Application Thread] c.e.v.client.controller.VehiDetaiCo - ❌ MainController introuvable
2025-12-21 00:26:09 ERROR [JavaFX Application Thread] c.e.v.client.controller.VehiDetaiCo - ❌ MainController introuvable
2025-12-21 00:30:12 ERROR [JavaFX Application Thread] c.e.v.client.controller.VehiDetaiCo - ❌ MainController introuvable
2025-12-21 00:36:10 ERROR [JavaFX Application Thread] c.e.v.client.controller.VehiDetaiCo - ⚠️ Erreur recherche via fenêtre: Cannot invoke "javafx.scene.control.Button.getScene()" because "this.backBtn" is null
2025-12-21 00:36:10 ERROR [JavaFX Application Thread] c.e.v.client.controller.VehiDetaiCo - ❌ MainController introuvable - Mode fallback activé
2025-12-21 00:36:10 ERROR [JavaFX Application Thread] c.e.v.client.controller.VehiDetaiCo - ❌ MainController introuvable
2025-12-21 00:52:00 ERROR [JavaFX Application Thread] c.e.v.client.controller.VehiDetaiCo - ❌ MainController introuvable
2025-12-21 00:52:03 ERROR [JavaFX Application Thread] c.e.v.client.controller.VehiDetaiCo - ❌ MainController introuvable
2025-12-21 00:52:03 ERROR [JavaFX Application Thread] c.e.v.client.controller.VehiDetaiCo - ❌ MainController introuvable
2025-12-21 00:52:05 ERROR [JavaFX Application Thread] c.e.v.client.controller.VehiDetaiCo - ❌ MainController introuvable
2025-12-21 00:52:07 ERROR [JavaFX Application Thread] c.e.v.client.controller.VehiDetaiCo - ❌ MainController introuvable
2025-12-21 00:52:08 ERROR [JavaFX Application Thread] c.e.v.client.controller.VehiDetaiCo - ❌ MainController introuvable
2025-12-21 00:52:09 ERROR [JavaFX Application Thread] c.e.v.client.controller.VehiDetaiCo - ❌ MainController introuvable
2025-12-21 00:52:12 ERROR [JavaFX Application Thread] c.e.v.client.controller.VehiDetaiCo - ❌ MainController introuvable
2025-12-21 00:52:13 ERROR [JavaFX Application Thread] c.e.v.client.controller.VehiDetaiCo - ❌ MainController introuvable
2025-12-21 00:52:13 ERROR [JavaFX Application Thread] c.e.v.client.controller.VehiDetaiCo - ❌ MainController introuvable
2025-12-21 00:52:15 ERROR [JavaFX Application Thread] c.e.v.client.controller.VehiDetaiCo - ❌ MainController introuvable
2025-12-21 01:03:03 ERROR [JavaFX Application Thread] c.e.v.client.controller.VehiDetaiCo - ❌ Erreur: Cannot invoke "javafx.scene.Scene.getWindow()" because the return value of "javafx.scene.control.Button.getScene()" is null
2025-12-21 01:03:03 ERROR [JavaFX Application Thread] c.e.v.client.controller.VehiDetaiCo - ❌ Erreur ouverture fenêtre magasin: Cannot invoke "javafx.scene.Scene.getWindow()" because the return value of "javafx.scene.control.Button.getScene()" is null
2025-12-21 10:04:16 ERROR [JavaFX Application Thread] c.e.v.client.controller.VehiDetaiCo - ❌ Erreur: Cannot invoke "javafx.scene.Scene.getWindow()" because the return value of "javafx.scene.control.Button.getScene()" is null
2025-12-21 10:04:16 ERROR [JavaFX Application Thread] c.e.v.client.controller.VehiDetaiCo - ❌ Erreur ouverture fenêtre magasin: Cannot invoke "javafx.scene.Scene.getWindow()" because the return value of "javafx.scene.control.Button.getScene()" is null
2025-12-21 10:04:53 ERROR [JavaFX Application Thread] c.e.v.client.controller.VehiDetaiCo - ❌ Erreur: Cannot invoke "javafx.scene.Scene.getWindow()" because the return value of "javafx.scene.control.Button.getScene()" is null
2025-12-21 10:04:54 ERROR [JavaFX Application Thread] c.e.v.client.controller.VehiDetaiCo - ❌ Erreur ouverture fenêtre magasin: Cannot invoke "javafx.scene.Scene.getWindow()" because the return value of "javafx.scene.control.Button.getScene()" is null
2025-12-21 10:35:34 ERROR [JavaFX Application Thread] c.e.v.client.controller.VehiDetaiCo - ❌ Erreur affichage magasin: Cannot invoke "javafx.scene.Scene.getWindow()" because the return value of "javafx.scene.control.Button.getScene()" is null
2025-12-21 10:46:33 ERROR [JavaFX Application Thread] c.e.v.client.controller.VehiDetaiCo - ❌ Erreur affichage magasin: class com.example.vehiclegestion.client.controller.RendezVousFormController cannot be cast to class com.example.vehiclegestion.vendeur.controller.MagasinDetailsController (com.example.vehiclegestion.client.controller.RendezVousFormController and com.example.vehiclegestion.vendeur.controller.MagasinDetailsController are in unnamed module of loader 'app')
2025-12-21 10:51:00 ERROR [JavaFX Application Thread] c.e.v.client.controller.VehiDetaiCo - ❌ Erreur: 
/C:/Users/khadi/vehiclegestion_Javafx/target/classes/view/client/rendezvous-form.fxml

2025-12-21 10:57:57 ERROR [JavaFX Application Thread] c.e.v.client.controller.VehiDetaiCo - ❌ Erreur: 
/C:/Users/khadi/vehiclegestion_Javafx/target/classes/view/client/rendezvous-form.fxml

2025-12-21 10:58:07 ERROR [JavaFX Application Thread] c.e.v.client.controller.VehiDetaiCo - ❌ Erreur: 
/C:/Users/khadi/vehiclegestion_Javafx/target/classes/view/client/rendezvous-form.fxml

